arm64  |  14 cores  |  torch cpu  |  mps available but unused: the net is too small to benefit
resuming from agent_gen_0007
discount 0.999 -> credit reaches back 1,000 frames; a point lasts about 700
an untrained agent wins 0.12 of points against the fixed ladder
training up to 12,000,000 steps on 12 envs
a checkpoint is saved each time it reaches a new tier (Rookie, Amateur, Contender, Pro, Champion, Unbeatable);
strength is measured every 40,000 steps

    4,690,968 steps   training win rate   - 
    4,715,976 steps   training win rate 0.67   strength 0.665   next: Unbeatable at 0.70
    4,740,984 steps   training win rate 0.64   strength 0.607   next: Unbeatable at 0.70
    4,765,992 steps   training win rate 0.65   strength 0.607   next: Unbeatable at 0.70
    4,791,000 steps   training win rate 0.66   strength 0.625   next: Unbeatable at 0.70
    4,816,008 steps   training win rate 0.66   strength 0.542   next: Unbeatable at 0.70
    4,841,016 steps   training win rate 0.64   strength 0.542   next: Unbeatable at 0.70
    4,866,024 steps   training win rate 0.63   strength 0.595   next: Unbeatable at 0.70
    4,891,032 steps   training win rate 0.61   strength 0.571   next: Unbeatable at 0.70
    4,916,040 steps   training win rate 0.60   strength 0.571   next: Unbeatable at 0.70
    4,941,048 steps   training win rate 0.58   strength 0.571   next: Unbeatable at 0.70
    4,966,056 steps   training win rate 0.56   strength 0.571   next: Unbeatable at 0.70
    4,991,064 steps   training win rate 0.54   strength 0.643   next: Unbeatable at 0.70
    5,016,072 steps   training win rate 0.53   strength 0.607   next: Unbeatable at 0.70
    5,041,080 steps   training win rate 0.53   strength 0.607   next: Unbeatable at 0.70
    5,066,088 steps   training win rate 0.52   strength 0.601   next: Unbeatable at 0.70
    5,091,096 steps   training win rate 0.53   strength 0.559   next: Unbeatable at 0.70
    5,116,104 steps   training win rate 0.55   strength 0.559   next: Unbeatable at 0.70
    5,141,112 steps   training win rate 0.55   strength 0.559   next: Unbeatable at 0.70
    5,166,120 steps   training win rate 0.55   strength 0.559   next: Unbeatable at 0.70
    5,191,128 steps   training win rate 0.55   strength 0.577   next: Unbeatable at 0.70
    5,216,136 steps   training win rate 0.55   strength 0.566   next: Unbeatable at 0.70
    5,241,144 steps   training win rate 0.55   strength 0.566   next: Unbeatable at 0.70
    5,266,152 steps   training win rate 0.55   strength 0.589   next: Unbeatable at 0.70
    5,291,160 steps   training win rate 0.56   strength 0.548   next: Unbeatable at 0.70
    5,316,168 steps   training win rate 0.56   strength 0.548   next: Unbeatable at 0.70
    5,341,176 steps   training win rate 0.57   strength 0.625   next: Unbeatable at 0.70
    5,366,184 steps   training win rate 0.59   strength 0.625   next: Unbeatable at 0.70
    5,391,192 steps   training win rate 0.56   strength 0.619   next: Unbeatable at 0.70
    5,416,200 steps   training win rate 0.57   strength 0.542   next: Unbeatable at 0.70
    5,441,208 steps   training win rate 0.56   strength 0.542   next: Unbeatable at 0.70
    5,466,216 steps   training win rate 0.55   strength 0.595   next: Unbeatable at 0.70
    5,491,224 steps   training win rate 0.53   strength 0.476   next: Unbeatable at 0.70
    5,516,232 steps   training win rate 0.52   strength 0.476   next: Unbeatable at 0.70
    5,541,240 steps   training win rate 0.51   strength 0.554   next: Unbeatable at 0.70
    5,566,248 steps   training win rate 0.51   strength 0.554   next: Unbeatable at 0.70
    5,591,256 steps   training win rate 0.52   strength 0.524   next: Unbeatable at 0.70
    5,616,264 steps   training win rate 0.55   strength 0.512   next: Unbeatable at 0.70
    5,641,272 steps   training win rate 0.55   strength 0.512   next: Unbeatable at 0.70
    5,666,280 steps   training win rate 0.57   strength 0.464   next: Unbeatable at 0.70
    5,691,288 steps   training win rate 0.56   strength 0.583   next: Unbeatable at 0.70
    5,716,296 steps   training win rate 0.59   strength 0.583   next: Unbeatable at 0.70
    5,741,304 steps   training win rate 0.60   strength 0.577   next: Unbeatable at 0.70
    5,766,312 steps   training win rate 0.59   strength 0.577   next: Unbeatable at 0.70
    5,791,320 steps   training win rate 0.59   strength 0.548   next: Unbeatable at 0.70
    5,816,328 steps   training win rate 0.56   strength 0.583   next: Unbeatable at 0.70
    5,841,336 steps   training win rate 0.56   strength 0.583   next: Unbeatable at 0.70
    5,866,344 steps   training win rate 0.57   strength 0.625   next: Unbeatable at 0.70
    5,891,352 steps   training win rate 0.57   strength 0.542   next: Unbeatable at 0.70
    5,916,360 steps   training win rate 0.54   strength 0.542   next: Unbeatable at 0.70
    5,941,368 steps   training win rate 0.54   strength 0.524   next: Unbeatable at 0.70
    5,966,376 steps   training win rate 0.54   strength 0.524   next: Unbeatable at 0.70
    5,991,384 steps   training win rate 0.57   strength 0.559   next: Unbeatable at 0.70
    6,016,392 steps   training win rate 0.59   strength 0.643   next: Unbeatable at 0.70
    6,041,400 steps   training win rate 0.59   strength 0.643   next: Unbeatable at 0.70
    6,066,408 steps   training win rate 0.57   strength 0.643   next: Unbeatable at 0.70
    6,091,416 steps   training win rate 0.60   strength 0.643   next: Unbeatable at 0.70
    6,116,424 steps   training win rate 0.61   strength 0.643   next: Unbeatable at 0.70
    6,141,432 steps   training win rate 0.62   strength 0.637   next: Unbeatable at 0.70
    6,166,440 steps   training win rate 0.64   strength 0.637   next: Unbeatable at 0.70
    6,191,448 steps   training win rate 0.64   strength 0.637   next: Unbeatable at 0.70
    6,216,456 steps   training win rate 0.64   strength 0.601   next: Unbeatable at 0.70
    6,241,464 steps   training win rate 0.63   strength 0.601   next: Unbeatable at 0.70
    6,266,472 steps   training win rate 0.63   strength 0.536   next: Unbeatable at 0.70
    6,291,480 steps   training win rate 0.63   strength 0.589   next: Unbeatable at 0.70
    6,316,488 steps   training win rate 0.62   strength 0.589   next: Unbeatable at 0.70
    6,341,496 steps   training win rate 0.60   strength 0.655   next: Unbeatable at 0.70
    6,366,504 steps   training win rate 0.58   strength 0.655   next: Unbeatable at 0.70
    6,391,512 steps   training win rate 0.59   strength 0.589   next: Unbeatable at 0.70
    6,416,520 steps   training win rate 0.59   strength 0.589   next: Unbeatable at 0.70
    6,441,528 steps   training win rate 0.58   strength 0.589   next: Unbeatable at 0.70
    6,466,536 steps   training win rate 0.58   strength 0.595   next: Unbeatable at 0.70
    6,491,544 steps   training win rate 0.60   strength 0.625   next: Unbeatable at 0.70
    6,516,552 steps   training win rate 0.60   strength 0.625   next: Unbeatable at 0.70
    6,541,560 steps   training win rate 0.61   strength 0.571   next: Unbeatable at 0.70
    6,566,568 steps   training win rate 0.59   strength 0.571   next: Unbeatable at 0.70
    6,591,576 steps   training win rate 0.58   strength 0.613   next: Unbeatable at 0.70
    6,616,584 steps   training win rate 0.60   strength 0.577   next: Unbeatable at 0.70
    6,641,592 steps   training win rate 0.60   strength 0.577   next: Unbeatable at 0.70
    6,666,600 steps   training win rate 0.60   strength 0.559   next: Unbeatable at 0.70
    6,691,608 steps   training win rate 0.57   strength 0.583   next: Unbeatable at 0.70
    6,716,616 steps   training win rate 0.60   strength 0.583   next: Unbeatable at 0.70
    6,741,624 steps   training win rate 0.60   strength 0.619   next: Unbeatable at 0.70
    6,766,632 steps   training win rate 0.62   strength 0.619   next: Unbeatable at 0.70
    6,791,640 steps   training win rate 0.62   strength 0.488   next: Unbeatable at 0.70
    6,816,648 steps   training win rate 0.61   strength 0.566   next: Unbeatable at 0.70
    6,841,656 steps   training win rate 0.61   strength 0.566   next: Unbeatable at 0.70
    6,866,664 steps   training win rate 0.63   strength 0.542   next: Unbeatable at 0.70
    6,891,672 steps   training win rate 0.61   strength 0.595   next: Unbeatable at 0.70
    6,916,680 steps   training win rate 0.60   strength 0.595   next: Unbeatable at 0.70
    6,941,688 steps   training win rate 0.58   strength 0.577   next: Unbeatable at 0.70
    6,966,696 steps   training win rate 0.56   strength 0.577   next: Unbeatable at 0.70
    6,991,704 steps   training win rate 0.58   strength 0.577   next: Unbeatable at 0.70
    7,016,712 steps   training win rate 0.57   strength 0.542   next: Unbeatable at 0.70
    7,041,720 steps   training win rate 0.57   strength 0.542   next: Unbeatable at 0.70
    7,066,728 steps   training win rate 0.53   strength 0.536   next: Unbeatable at 0.70
    7,091,736 steps   training win rate 0.53   strength 0.566   next: Unbeatable at 0.70
    7,116,744 steps   training win rate 0.55   strength 0.566   next: Unbeatable at 0.70
    7,141,752 steps   training win rate 0.54   strength 0.506   next: Unbeatable at 0.70
    7,166,760 steps   training win rate 0.52   strength 0.506   next: Unbeatable at 0.70
    7,191,768 steps   training win rate 0.52   strength 0.649   next: Unbeatable at 0.70
    7,216,776 steps   training win rate 0.50   strength 0.583   next: Unbeatable at 0.70
    7,241,784 steps   training win rate 0.50   strength 0.583   next: Unbeatable at 0.70
    7,266,792 steps   training win rate 0.53   strength 0.631   next: Unbeatable at 0.70
    7,291,800 steps   training win rate 0.55   strength 0.554   next: Unbeatable at 0.70
    7,316,808 steps   training win rate 0.54   strength 0.554   next: Unbeatable at 0.70
    7,341,816 steps   training win rate 0.56   strength 0.619   next: Unbeatable at 0.70
    7,366,824 steps   training win rate 0.58   strength 0.619   next: Unbeatable at 0.70
    7,391,832 steps   training win rate 0.58   strength 0.613   next: Unbeatable at 0.70
    7,416,840 steps   training win rate 0.59   strength 0.601   next: Unbeatable at 0.70
    7,441,848 steps   training win rate 0.61   strength 0.601   next: Unbeatable at 0.70
    7,466,856 steps   training win rate 0.59   strength 0.625   next: Unbeatable at 0.70
    7,491,864 steps   training win rate 0.60   strength 0.667   next: Unbeatable at 0.70
    7,516,872 steps   training win rate 0.59   strength 0.667   next: Unbeatable at 0.70
    7,541,880 steps   training win rate 0.61   strength 0.667   next: Unbeatable at 0.70
    7,566,888 steps   training win rate 0.62   strength 0.667   next: Unbeatable at 0.70
    7,591,896 steps   training win rate 0.62   strength 0.655   next: Unbeatable at 0.70
    7,616,904 steps   training win rate 0.64   strength 0.613   next: Unbeatable at 0.70
    7,641,912 steps   training win rate 0.65   strength 0.613   next: Unbeatable at 0.70
    7,666,920 steps   training win rate 0.66   strength 0.607   next: Unbeatable at 0.70
    7,691,928 steps   training win rate 0.65   strength 0.524   next: Unbeatable at 0.70
    7,716,936 steps   training win rate 0.64   strength 0.524   next: Unbeatable at 0.70
    7,741,944 steps   training win rate 0.60   strength 0.571   next: Unbeatable at 0.70
    7,766,952 steps   training win rate 0.61   strength 0.571   next: Unbeatable at 0.70
    7,791,960 steps   training win rate 0.57   strength 0.571   next: Unbeatable at 0.70
    7,816,968 steps   training win rate 0.56   strength 0.661   next: Unbeatable at 0.70
    7,841,976 steps   training win rate 0.60   strength 0.661   next: Unbeatable at 0.70
    7,866,984 steps   training win rate 0.60   strength 0.536   next: Unbeatable at 0.70
    7,891,992 steps   training win rate 0.61   strength 0.631   next: Unbeatable at 0.70
    7,917,000 steps   training win rate 0.64   strength 0.631   next: Unbeatable at 0.70
    7,942,008 steps   training win rate 0.64   strength 0.643   next: Unbeatable at 0.70
    7,967,016 steps   training win rate 0.64   strength 0.643   next: Unbeatable at 0.70
    7,992,024 steps   training win rate 0.66   strength 0.655   next: Unbeatable at 0.70
    8,017,032 steps   training win rate 0.65   strength 0.577   next: Unbeatable at 0.70
    8,042,040 steps   training win rate 0.65   strength 0.577   next: Unbeatable at 0.70
    8,067,048 steps   training win rate 0.64   strength 0.601   next: Unbeatable at 0.70
    8,092,056 steps   training win rate 0.61   strength 0.595   next: Unbeatable at 0.70
    8,117,064 steps   training win rate 0.60   strength 0.595   next: Unbeatable at 0.70
    8,142,072 steps   training win rate 0.60   strength 0.673   next: Unbeatable at 0.70
    8,167,080 steps   training win rate 0.60   strength 0.673   next: Unbeatable at 0.70
    8,192,088 steps   training win rate 0.59   strength 0.637   next: Unbeatable at 0.70
    8,217,096 steps   training win rate 0.58   strength 0.643   next: Unbeatable at 0.70
    8,242,104 steps   training win rate 0.57   strength 0.643   next: Unbeatable at 0.70
    8,267,112 steps   training win rate 0.58   strength 0.607   next: Unbeatable at 0.70
    8,292,120 steps   training win rate 0.60   strength 0.625   next: Unbeatable at 0.70
    8,317,128 steps   training win rate 0.60   strength 0.625   next: Unbeatable at 0.70
    8,342,136 steps   training win rate 0.61   strength 0.649   next: Unbeatable at 0.70
    8,367,144 steps   training win rate 0.60   strength 0.649   next: Unbeatable at 0.70
    8,392,152 steps   training win rate 0.60   strength 0.661   next: Unbeatable at 0.70
    8,417,160 steps   training win rate 0.61   strength 0.571   next: Unbeatable at 0.70
    8,442,168 steps   training win rate 0.61   strength 0.571   next: Unbeatable at 0.70
    8,467,176 steps   training win rate 0.61   strength 0.571   next: Unbeatable at 0.70
    8,492,184 steps   training win rate 0.60   strength 0.649   next: Unbeatable at 0.70
    8,517,192 steps   training win rate 0.60   strength 0.649   next: Unbeatable at 0.70
    8,542,200 steps   training win rate 0.60   strength 0.619   next: Unbeatable at 0.70
    8,567,208 steps   training win rate 0.59   strength 0.619   next: Unbeatable at 0.70
    8,592,216 steps   training win rate 0.60   strength 0.589   next: Unbeatable at 0.70
    Champion    improved @8,611,752 steps  ->  agent_gen_0008   win rate 0.695  worst 0.198
    8,617,224 steps   training win rate 0.60   strength 0.695   next: Unbeatable at 0.70
    8,642,232 steps   training win rate 0.61   strength 0.695   next: Unbeatable at 0.70
    8,667,240 steps   training win rate 0.61   strength 0.673   next: Unbeatable at 0.70
    8,692,248 steps   training win rate 0.63   strength 0.673   next: Unbeatable at 0.70
    8,717,256 steps   training win rate 0.62   strength 0.673   next: Unbeatable at 0.70
    8,742,264 steps   training win rate 0.64   strength 0.702   next: Unbeatable at 0.70
    8,767,272 steps   training win rate 0.67   strength 0.702   next: Unbeatable at 0.70
    8,792,280 steps   training win rate 0.65   strength 0.696   next: Unbeatable at 0.70
    8,817,288 steps   training win rate 0.67   strength 0.702   next: Unbeatable at 0.70
    8,842,296 steps   training win rate 0.68   strength 0.702   next: Unbeatable at 0.70
    8,867,304 steps   training win rate 0.68   strength 0.684   next: Unbeatable at 0.70
    8,892,312 steps   training win rate 0.69   strength 0.702   next: Unbeatable at 0.70
    8,917,320 steps   training win rate 0.71   strength 0.702   next: Unbeatable at 0.70
    8,942,328 steps   training win rate 0.70   strength 0.655   next: Unbeatable at 0.70
    8,967,336 steps   training win rate 0.69   strength 0.655   next: Unbeatable at 0.70
    8,992,344 steps   training win rate 0.69   strength 0.625   next: Unbeatable at 0.70
    9,017,352 steps   training win rate 0.67   strength 0.631   next: Unbeatable at 0.70
    9,042,360 steps   training win rate 0.66   strength 0.631   next: Unbeatable at 0.70
    9,067,368 steps   training win rate 0.65   strength 0.667   next: Unbeatable at 0.70
    9,092,376 steps   training win rate 0.64   strength 0.673   next: Unbeatable at 0.70
    9,117,384 steps   training win rate 0.64   strength 0.673   next: Unbeatable at 0.70
    9,142,392 steps   training win rate 0.63   strength 0.559   next: Unbeatable at 0.70
    9,167,400 steps   training win rate 0.62   strength 0.559   next: Unbeatable at 0.70
    9,192,408 steps   training win rate 0.62   strength 0.661   next: Unbeatable at 0.70
    9,217,416 steps   training win rate 0.62   strength 0.613   next: Unbeatable at 0.70
    9,242,424 steps   training win rate 0.65   strength 0.613   next: Unbeatable at 0.70
    9,267,432 steps   training win rate 0.64   strength 0.643   next: Unbeatable at 0.70
    9,292,440 steps   training win rate 0.64   strength 0.607   next: Unbeatable at 0.70
    9,317,448 steps   training win rate 0.61   strength 0.607   next: Unbeatable at 0.70
    9,342,456 steps   training win rate 0.65   strength 0.655   next: Unbeatable at 0.70
    9,367,464 steps   training win rate 0.65   strength 0.655   next: Unbeatable at 0.70
    9,392,472 steps   training win rate 0.63   strength 0.661   next: Unbeatable at 0.70
    9,417,480 steps   training win rate 0.61   strength 0.625   next: Unbeatable at 0.70
    9,442,488 steps   training win rate 0.61   strength 0.625   next: Unbeatable at 0.70
    9,467,496 steps   training win rate 0.62   strength 0.589   next: Unbeatable at 0.70
    9,492,504 steps   training win rate 0.62   strength 0.686   next: Unbeatable at 0.70
    9,517,512 steps   training win rate 0.62   strength 0.686   next: Unbeatable at 0.70
    9,542,520 steps   training win rate 0.62   strength 0.637   next: Unbeatable at 0.70
    9,567,528 steps   training win rate 0.62   strength 0.637   next: Unbeatable at 0.70
    9,592,536 steps   training win rate 0.63   strength 0.643   next: Unbeatable at 0.70
    9,617,544 steps   training win rate 0.65   strength 0.577   next: Unbeatable at 0.70
    9,642,552 steps   training win rate 0.63   strength 0.577   next: Unbeatable at 0.70
    9,667,560 steps   training win rate 0.62   strength 0.691   next: Unbeatable at 0.70
    9,692,568 steps   training win rate 0.64   strength 0.679   next: Unbeatable at 0.70
    9,717,576 steps   training win rate 0.62   strength 0.679   next: Unbeatable at 0.70
    9,742,584 steps   training win rate 0.64   strength 0.673   next: Unbeatable at 0.70
    9,767,592 steps   training win rate 0.64   strength 0.673   next: Unbeatable at 0.70
    9,792,600 steps   training win rate 0.63   strength 0.542   next: Unbeatable at 0.70
    9,817,608 steps   training win rate 0.60   strength 0.684   next: Unbeatable at 0.70
    9,842,616 steps   training win rate 0.62   strength 0.684   next: Unbeatable at 0.70
    9,867,624 steps   training win rate 0.62   strength 0.631   next: Unbeatable at 0.70
    9,892,632 steps   training win rate 0.62   strength 0.571   next: Unbeatable at 0.70
    9,917,640 steps   training win rate 0.60   strength 0.571   next: Unbeatable at 0.70
    9,942,648 steps   training win rate 0.61   strength 0.619   next: Unbeatable at 0.70
    9,967,656 steps   training win rate 0.61   strength 0.619   next: Unbeatable at 0.70
    9,992,664 steps   training win rate 0.62   strength 0.607   next: Unbeatable at 0.70
    10,017,672 steps   training win rate 0.62   strength 0.595   next: Unbeatable at 0.70
    10,042,680 steps   training win rate 0.62   strength 0.595   next: Unbeatable at 0.70
    10,067,688 steps   training win rate 0.63   strength 0.679   next: Unbeatable at 0.70
    10,092,696 steps   training win rate 0.64   strength 0.661   next: Unbeatable at 0.70
    10,117,704 steps   training win rate 0.64   strength 0.661   next: Unbeatable at 0.70
    10,142,712 steps   training win rate 0.64   strength 0.637   next: Unbeatable at 0.70
    10,167,720 steps   training win rate 0.63   strength 0.637   next: Unbeatable at 0.70
    10,192,728 steps   training win rate 0.60   strength 0.631   next: Unbeatable at 0.70
    10,217,736 steps   training win rate 0.58   strength 0.625   next: Unbeatable at 0.70
    10,242,744 steps   training win rate 0.56   strength 0.625   next: Unbeatable at 0.70
    10,267,752 steps   training win rate 0.56   strength 0.691   next: Unbeatable at 0.70
    10,292,760 steps   training win rate 0.57   strength 0.696   next: Unbeatable at 0.70
    10,317,768 steps   training win rate 0.55   strength 0.696   next: Unbeatable at 0.70
    10,342,776 steps   training win rate 0.55   strength 0.583   next: Unbeatable at 0.70
    10,367,784 steps   training win rate 0.59   strength 0.583   next: Unbeatable at 0.70
    10,392,792 steps   training win rate 0.61   strength 0.554   next: Unbeatable at 0.70
    10,417,800 steps   training win rate 0.64   strength 0.613   next: Unbeatable at 0.70
    10,442,808 steps   training win rate 0.65   strength 0.613   next: Unbeatable at 0.70
    10,467,816 steps   training win rate 0.64   strength 0.655   next: Unbeatable at 0.70
    10,492,824 steps   training win rate 0.65   strength 0.649   next: Unbeatable at 0.70
    10,517,832 steps   training win rate 0.68   strength 0.649   next: Unbeatable at 0.70
    10,542,840 steps   training win rate 0.65   strength 0.566   next: Unbeatable at 0.70
    10,567,848 steps   training win rate 0.65   strength 0.566   next: Unbeatable at 0.70
    10,592,856 steps   training win rate 0.62   strength 0.554   next: Unbeatable at 0.70
    10,617,864 steps   training win rate 0.62   strength 0.649   next: Unbeatable at 0.70
    10,642,872 steps   training win rate 0.61   strength 0.649   next: Unbeatable at 0.70
    10,667,880 steps   training win rate 0.60   strength 0.577   next: Unbeatable at 0.70
    10,692,888 steps   training win rate 0.57   strength 0.643   next: Unbeatable at 0.70
    10,717,896 steps   training win rate 0.58   strength 0.643   next: Unbeatable at 0.70
    10,742,904 steps   training win rate 0.59   strength 0.643   next: Unbeatable at 0.70
    10,767,912 steps   training win rate 0.58   strength 0.643   next: Unbeatable at 0.70
    10,792,920 steps   training win rate 0.56   strength 0.512   next: Unbeatable at 0.70
    10,817,928 steps   training win rate 0.55   strength 0.589   next: Unbeatable at 0.70
    10,842,936 steps   training win rate 0.57   strength 0.589   next: Unbeatable at 0.70
    10,867,944 steps   training win rate 0.59   strength 0.637   next: Unbeatable at 0.70
    10,892,952 steps   training win rate 0.61   strength 0.625   next: Unbeatable at 0.70
    10,917,960 steps   training win rate 0.60   strength 0.625   next: Unbeatable at 0.70
    10,942,968 steps   training win rate 0.60   strength 0.631   next: Unbeatable at 0.70
    10,967,976 steps   training win rate 0.62   strength 0.631   next: Unbeatable at 0.70
    10,992,984 steps   training win rate 0.65   strength 0.637   next: Unbeatable at 0.70
    11,017,992 steps   training win rate 0.65   strength 0.595   next: Unbeatable at 0.70
    11,043,000 steps   training win rate 0.63   strength 0.595   next: Unbeatable at 0.70
    11,068,008 steps   training win rate 0.60   strength 0.637   next: Unbeatable at 0.70
    11,093,016 steps   training win rate 0.60   strength 0.631   next: Unbeatable at 0.70
    11,118,024 steps   training win rate 0.61   strength 0.631   next: Unbeatable at 0.70
    11,143,032 steps   training win rate 0.58   strength 0.601   next: Unbeatable at 0.70
    11,168,040 steps   training win rate 0.59   strength 0.601   next: Unbeatable at 0.70
    11,193,048 steps   training win rate 0.58   strength 0.637   next: Unbeatable at 0.70
    11,218,056 steps   training win rate 0.58   strength 0.613   next: Unbeatable at 0.70
    11,243,064 steps   training win rate 0.58   strength 0.613   next: Unbeatable at 0.70
    11,268,072 steps   training win rate 0.60   strength 0.613   next: Unbeatable at 0.70
    11,293,080 steps   training win rate 0.61   strength 0.631   next: Unbeatable at 0.70
    11,318,088 steps   training win rate 0.62   strength 0.631   next: Unbeatable at 0.70
    11,343,096 steps   training win rate 0.62   strength 0.571   next: Unbeatable at 0.70
    11,368,104 steps   training win rate 0.63   strength 0.571   next: Unbeatable at 0.70
    11,393,112 steps   training win rate 0.63   strength 0.619   next: Unbeatable at 0.70
    11,418,120 steps   training win rate 0.62   strength 0.702   next: Unbeatable at 0.70
    11,443,128 steps   training win rate 0.63   strength 0.702   next: Unbeatable at 0.70
    11,468,136 steps   training win rate 0.63   strength 0.589   next: Unbeatable at 0.70
    11,493,144 steps   training win rate 0.60   strength 0.548   next: Unbeatable at 0.70
    11,518,152 steps   training win rate 0.58   strength 0.548   next: Unbeatable at 0.70
    11,543,160 steps   training win rate 0.56   strength 0.589   next: Unbeatable at 0.70
    11,568,168 steps   training win rate 0.54   strength 0.589   next: Unbeatable at 0.70
    11,593,176 steps   training win rate 0.54   strength 0.583   next: Unbeatable at 0.70
    11,618,184 steps   training win rate 0.54   strength 0.619   next: Unbeatable at 0.70
    11,643,192 steps   training win rate 0.53   strength 0.619   next: Unbeatable at 0.70
    11,668,200 steps   training win rate 0.51   strength 0.548   next: Unbeatable at 0.70
    11,693,208 steps   training win rate 0.52   strength 0.625   next: Unbeatable at 0.70
    11,718,216 steps   training win rate 0.54   strength 0.625   next: Unbeatable at 0.70
    11,743,224 steps   training win rate 0.55   strength 0.625   next: Unbeatable at 0.70
    11,768,232 steps   training win rate 0.56   strength 0.625   next: Unbeatable at 0.70
    11,793,240 steps   training win rate 0.58   strength 0.631   next: Unbeatable at 0.70
    11,818,248 steps   training win rate 0.57   strength 0.631   next: Unbeatable at 0.70
    11,843,256 steps   training win rate 0.59   strength 0.631   next: Unbeatable at 0.70
    11,868,264 steps   training win rate 0.64   strength 0.577   next: Unbeatable at 0.70
    11,893,272 steps   training win rate 0.63   strength 0.583   next: Unbeatable at 0.70
    11,918,280 steps   training win rate 0.63   strength 0.583   next: Unbeatable at 0.70
    11,943,288 steps   training win rate 0.62   strength 0.566   next: Unbeatable at 0.70
    11,968,296 steps   training win rate 0.62   strength 0.566   next: Unbeatable at 0.70
    11,993,304 steps   training win rate 0.64   strength 0.625   next: Unbeatable at 0.70
    12,018,312 steps   training win rate 0.62   strength 0.667   next: Unbeatable at 0.70
    12,043,320 steps   training win rate 0.60   strength 0.667   next: Unbeatable at 0.70
    12,068,328 steps   training win rate 0.58   strength 0.625   next: Unbeatable at 0.70
    12,093,336 steps   training win rate 0.61   strength 0.559   next: Unbeatable at 0.70
    12,118,344 steps   training win rate 0.61   strength 0.559   next: Unbeatable at 0.70
    12,143,352 steps   training win rate 0.61   strength 0.649   next: Unbeatable at 0.70
    12,168,360 steps   training win rate 0.60   strength 0.649   next: Unbeatable at 0.70
    12,193,368 steps   training win rate 0.63   strength 0.655   next: Unbeatable at 0.70
    12,218,376 steps   training win rate 0.62   strength 0.702   next: Unbeatable at 0.70
    12,243,384 steps   training win rate 0.63   strength 0.702   next: Unbeatable at 0.70
    12,268,392 steps   training win rate 0.65   strength 0.613   next: Unbeatable at 0.70
    12,293,400 steps   training win rate 0.63   strength 0.637   next: Unbeatable at 0.70
    12,318,408 steps   training win rate 0.63   strength 0.637   next: Unbeatable at 0.70
    12,343,416 steps   training win rate 0.62   strength 0.673   next: Unbeatable at 0.70
    12,368,424 steps   training win rate 0.60   strength 0.673   next: Unbeatable at 0.70
    12,393,432 steps   training win rate 0.58   strength 0.613   next: Unbeatable at 0.70
    12,418,440 steps   training win rate 0.60   strength 0.589   next: Unbeatable at 0.70
    12,443,448 steps   training win rate 0.59   strength 0.589   next: Unbeatable at 0.70
    12,468,456 steps   training win rate 0.57   strength 0.530   next: Unbeatable at 0.70
    12,493,464 steps   training win rate 0.58   strength 0.655   next: Unbeatable at 0.70
    12,518,472 steps   training win rate 0.56   strength 0.655   next: Unbeatable at 0.70
    12,543,480 steps   training win rate 0.56   strength 0.619   next: Unbeatable at 0.70
    12,568,488 steps   training win rate 0.57   strength 0.619   next: Unbeatable at 0.70
    12,593,496 steps   training win rate 0.59   strength 0.684   next: Unbeatable at 0.70
    12,618,504 steps   training win rate 0.59   strength 0.643   next: Unbeatable at 0.70
    12,643,512 steps   training win rate 0.61   strength 0.643   next: Unbeatable at 0.70
    12,668,520 steps   training win rate 0.63   strength 0.643   next: Unbeatable at 0.70
    12,693,528 steps   training win rate 0.64   strength 0.595   next: Unbeatable at 0.70
    12,718,536 steps   training win rate 0.64   strength 0.595   next: Unbeatable at 0.70
    12,743,544 steps   training win rate 0.64   strength 0.548   next: Unbeatable at 0.70
    12,768,552 steps   training win rate 0.62   strength 0.548   next: Unbeatable at 0.70
    12,793,560 steps   training win rate 0.59   strength 0.518   next: Unbeatable at 0.70
    12,818,568 steps   training win rate 0.57   strength 0.542   next: Unbeatable at 0.70
    12,843,576 steps   training win rate 0.56   strength 0.542   next: Unbeatable at 0.70
    12,868,584 steps   training win rate 0.54   strength 0.536   next: Unbeatable at 0.70
    12,893,592 steps   training win rate 0.54   strength 0.601   next: Unbeatable at 0.70
    12,918,600 steps   training win rate 0.55   strength 0.601   next: Unbeatable at 0.70
    12,943,608 steps   training win rate 0.56   strength 0.607   next: Unbeatable at 0.70
    12,968,616 steps   training win rate 0.56   strength 0.607   next: Unbeatable at 0.70
    12,993,624 steps   training win rate 0.57   strength 0.601   next: Unbeatable at 0.70
    13,018,632 steps   training win rate 0.58   strength 0.583   next: Unbeatable at 0.70
    13,043,640 steps   training win rate 0.59   strength 0.583   next: Unbeatable at 0.70
    13,068,648 steps   training win rate 0.61   strength 0.643   next: Unbeatable at 0.70
    13,093,656 steps   training win rate 0.60   strength 0.631   next: Unbeatable at 0.70
    13,118,664 steps   training win rate 0.61   strength 0.631   next: Unbeatable at 0.70
    13,143,672 steps   training win rate 0.63   strength 0.655   next: Unbeatable at 0.70
    13,168,680 steps   training win rate 0.64   strength 0.655   next: Unbeatable at 0.70
    13,193,688 steps   training win rate 0.65   strength 0.601   next: Unbeatable at 0.70
    13,218,696 steps   training win rate 0.67   strength 0.589   next: Unbeatable at 0.70
    13,243,704 steps   training win rate 0.67   strength 0.589   next: Unbeatable at 0.70
    13,268,712 steps   training win rate 0.66   strength 0.571   next: Unbeatable at 0.70
    13,293,720 steps   training win rate 0.65   strength 0.631   next: Unbeatable at 0.70
    13,318,728 steps   training win rate 0.65   strength 0.631   next: Unbeatable at 0.70
    13,343,736 steps   training win rate 0.62   strength 0.601   next: Unbeatable at 0.70
    13,368,744 steps   training win rate 0.62   strength 0.601   next: Unbeatable at 0.70
    13,393,752 steps   training win rate 0.63   strength 0.583   next: Unbeatable at 0.70
    13,418,760 steps   training win rate 0.63   strength 0.619   next: Unbeatable at 0.70
    13,443,768 steps   training win rate 0.62   strength 0.619   next: Unbeatable at 0.70
    13,468,776 steps   training win rate 0.61   strength 0.548   next: Unbeatable at 0.70
    13,493,784 steps   training win rate 0.62   strength 0.589   next: Unbeatable at 0.70
    13,518,792 steps   training win rate 0.62   strength 0.589   next: Unbeatable at 0.70
    13,543,800 steps   training win rate 0.63   strength 0.619   next: Unbeatable at 0.70
    13,568,808 steps   training win rate 0.64   strength 0.619   next: Unbeatable at 0.70
    13,593,816 steps   training win rate 0.62   strength 0.625   next: Unbeatable at 0.70
    13,618,824 steps   training win rate 0.62   strength 0.667   next: Unbeatable at 0.70
    13,643,832 steps   training win rate 0.64   strength 0.667   next: Unbeatable at 0.70
    13,668,840 steps   training win rate 0.65   strength 0.625   next: Unbeatable at 0.70
    13,693,848 steps   training win rate 0.66   strength 0.589   next: Unbeatable at 0.70
    13,718,856 steps   training win rate 0.65   strength 0.589   next: Unbeatable at 0.70
    13,743,864 steps   training win rate 0.66   strength 0.577   next: Unbeatable at 0.70
    13,768,872 steps   training win rate 0.63   strength 0.577   next: Unbeatable at 0.70
    13,793,880 steps   training win rate 0.65   strength 0.577   next: Unbeatable at 0.70
    13,818,888 steps   training win rate 0.65   strength 0.613   next: Unbeatable at 0.70
    13,843,896 steps   training win rate 0.63   strength 0.613   next: Unbeatable at 0.70
    13,868,904 steps   training win rate 0.62   strength 0.571   next: Unbeatable at 0.70
    13,893,912 steps   training win rate 0.61   strength 0.613   next: Unbeatable at 0.70
    13,918,920 steps   training win rate 0.61   strength 0.613   next: Unbeatable at 0.70
    13,943,928 steps   training win rate 0.62   strength 0.601   next: Unbeatable at 0.70
    13,968,936 steps   training win rate 0.62   strength 0.601   next: Unbeatable at 0.70
    13,993,944 steps   training win rate 0.62   strength 0.625   next: Unbeatable at 0.70
    14,018,952 steps   training win rate 0.62   strength 0.595   next: Unbeatable at 0.70
    14,043,960 steps   training win rate 0.62   strength 0.595   next: Unbeatable at 0.70
    14,068,968 steps   training win rate 0.63   strength 0.637   next: Unbeatable at 0.70
    14,093,976 steps   training win rate 0.63   strength 0.637   next: Unbeatable at 0.70
    14,118,984 steps   training win rate 0.63   strength 0.637   next: Unbeatable at 0.70
    14,143,992 steps   training win rate 0.64   strength 0.691   next: Unbeatable at 0.70
    14,169,000 steps   training win rate 0.66   strength 0.691   next: Unbeatable at 0.70
    14,194,008 steps   training win rate 0.65   strength 0.619   next: Unbeatable at 0.70
    14,219,016 steps   training win rate 0.66   strength 0.601   next: Unbeatable at 0.70
    14,244,024 steps   training win rate 0.66   strength 0.601   next: Unbeatable at 0.70
    14,269,032 steps   training win rate 0.65   strength 0.566   next: Unbeatable at 0.70
    14,294,040 steps   training win rate 0.67   strength 0.684   next: Unbeatable at 0.70
    14,319,048 steps   training win rate 0.66   strength 0.684   next: Unbeatable at 0.70
    14,344,056 steps   training win rate 0.67   strength 0.643   next: Unbeatable at 0.70
    14,369,064 steps   training win rate 0.67   strength 0.643   next: Unbeatable at 0.70
    14,394,072 steps   training win rate 0.67   strength 0.619   next: Unbeatable at 0.70
    14,419,080 steps   training win rate 0.67   strength 0.607   next: Unbeatable at 0.70
    14,444,088 steps   training win rate 0.67   strength 0.607   next: Unbeatable at 0.70
    14,469,096 steps   training win rate 0.64   strength 0.607   next: Unbeatable at 0.70
    14,494,104 steps   training win rate 0.63   strength 0.625   next: Unbeatable at 0.70
    14,519,112 steps   training win rate 0.61   strength 0.625   next: Unbeatable at 0.70
    14,544,120 steps   training win rate 0.57   strength 0.631   next: Unbeatable at 0.70
    14,569,128 steps   training win rate 0.58   strength 0.631   next: Unbeatable at 0.70
    14,594,136 steps   training win rate 0.60   strength 0.661   next: Unbeatable at 0.70
    14,619,144 steps   training win rate 0.59   strength 0.673   next: Unbeatable at 0.70
    14,644,152 steps   training win rate 0.59   strength 0.673   next: Unbeatable at 0.70
    14,669,160 steps   training win rate 0.62   strength 0.691   next: Unbeatable at 0.70
    14,694,168 steps   training win rate 0.62   strength 0.613   next: Unbeatable at 0.70
    14,719,176 steps   training win rate 0.65   strength 0.613   next: Unbeatable at 0.70
    14,744,184 steps   training win rate 0.66   strength 0.607   next: Unbeatable at 0.70
    14,769,192 steps   training win rate 0.66   strength 0.607   next: Unbeatable at 0.70
    14,794,200 steps   training win rate 0.64   strength 0.536   next: Unbeatable at 0.70
    14,819,208 steps   training win rate 0.61   strength 0.613   next: Unbeatable at 0.70
    14,844,216 steps   training win rate 0.60   strength 0.613   next: Unbeatable at 0.70
    14,869,224 steps   training win rate 0.57   strength 0.518   next: Unbeatable at 0.70
    14,894,232 steps   training win rate 0.55   strength 0.601   next: Unbeatable at 0.70
    14,919,240 steps   training win rate 0.54   strength 0.601   next: Unbeatable at 0.70
    14,944,248 steps   training win rate 0.56   strength 0.661   next: Unbeatable at 0.70
    14,969,256 steps   training win rate 0.56   strength 0.661   next: Unbeatable at 0.70
    14,994,264 steps   training win rate 0.59   strength 0.631   next: Unbeatable at 0.70
    15,019,272 steps   training win rate 0.60   strength 0.589   next: Unbeatable at 0.70
    15,044,280 steps   training win rate 0.61   strength 0.589   next: Unbeatable at 0.70
    15,069,288 steps   training win rate 0.62   strength 0.583   next: Unbeatable at 0.70
    15,094,296 steps   training win rate 0.62   strength 0.566   next: Unbeatable at 0.70
    15,119,304 steps   training win rate 0.60   strength 0.566   next: Unbeatable at 0.70
    15,144,312 steps   training win rate 0.60   strength 0.655   next: Unbeatable at 0.70
    15,169,320 steps   training win rate 0.59   strength 0.655   next: Unbeatable at 0.70
    15,194,328 steps   training win rate 0.57   strength 0.667   next: Unbeatable at 0.70
    15,219,336 steps   training win rate 0.58   strength 0.583   next: Unbeatable at 0.70
    15,244,344 steps   training win rate 0.57   strength 0.583   next: Unbeatable at 0.70
    15,269,352 steps   training win rate 0.58   strength 0.619   next: Unbeatable at 0.70
    15,294,360 steps   training win rate 0.58   strength 0.619   next: Unbeatable at 0.70
    15,319,368 steps   training win rate 0.59   strength 0.619   next: Unbeatable at 0.70
    15,344,376 steps   training win rate 0.60   strength 0.536   next: Unbeatable at 0.70
    15,369,384 steps   training win rate 0.60   strength 0.536   next: Unbeatable at 0.70
    15,394,392 steps   training win rate 0.60   strength 0.667   next: Unbeatable at 0.70
    15,419,400 steps   training win rate 0.61   strength 0.673   next: Unbeatable at 0.70
    15,444,408 steps   training win rate 0.62   strength 0.673   next: Unbeatable at 0.70
    15,469,416 steps   training win rate 0.62   strength 0.702   next: Unbeatable at 0.70
    15,494,424 steps   training win rate 0.63   strength 0.673   next: Unbeatable at 0.70
    15,519,432 steps   training win rate 0.63   strength 0.673   next: Unbeatable at 0.70
    15,544,440 steps   training win rate 0.63   strength 0.661   next: Unbeatable at 0.70
    15,569,448 steps   training win rate 0.64   strength 0.661   next: Unbeatable at 0.70
    15,594,456 steps   training win rate 0.64   strength 0.619   next: Unbeatable at 0.70
    15,619,464 steps   training win rate 0.62   strength 0.649   next: Unbeatable at 0.70
    15,644,472 steps   training win rate 0.62   strength 0.649   next: Unbeatable at 0.70
    15,669,480 steps   training win rate 0.62   strength 0.649   next: Unbeatable at 0.70
    15,694,488 steps   training win rate 0.62   strength 0.625   next: Unbeatable at 0.70
    15,719,496 steps   training win rate 0.62   strength 0.625   next: Unbeatable at 0.70
    15,744,504 steps   training win rate 0.63   strength 0.566   next: Unbeatable at 0.70
    15,769,512 steps   training win rate 0.62   strength 0.566   next: Unbeatable at 0.70
    15,794,520 steps   training win rate 0.63   strength 0.625   next: Unbeatable at 0.70
    15,819,528 steps   training win rate 0.63   strength 0.625   next: Unbeatable at 0.70
    15,844,536 steps   training win rate 0.63   strength 0.625   next: Unbeatable at 0.70
    15,869,544 steps   training win rate 0.63   strength 0.631   next: Unbeatable at 0.70
    15,894,552 steps   training win rate 0.64   strength 0.559   next: Unbeatable at 0.70
    15,919,560 steps   training win rate 0.66   strength 0.559   next: Unbeatable at 0.70
    15,944,568 steps   training win rate 0.67   strength 0.512   next: Unbeatable at 0.70
    15,969,576 steps   training win rate 0.65   strength 0.512   next: Unbeatable at 0.70
    15,994,584 steps   training win rate 0.65   strength 0.589   next: Unbeatable at 0.70
    16,019,592 steps   training win rate 0.64   strength 0.530   next: Unbeatable at 0.70
    16,044,600 steps   training win rate 0.64   strength 0.530   next: Unbeatable at 0.70
    16,069,608 steps   training win rate 0.62   strength 0.613   next: Unbeatable at 0.70
    16,094,616 steps   training win rate 0.62   strength 0.589   next: Unbeatable at 0.70
    16,119,624 steps   training win rate 0.63   strength 0.589   next: Unbeatable at 0.70
    16,144,632 steps   training win rate 0.64   strength 0.655   next: Unbeatable at 0.70
    16,169,640 steps   training win rate 0.65   strength 0.655   next: Unbeatable at 0.70
    16,194,648 steps   training win rate 0.64   strength 0.655   next: Unbeatable at 0.70
    16,219,656 steps   training win rate 0.65   strength 0.643   next: Unbeatable at 0.70
    16,244,664 steps   training win rate 0.67   strength 0.643   next: Unbeatable at 0.70
    16,269,672 steps   training win rate 0.69   strength 0.619   next: Unbeatable at 0.70
    16,294,680 steps   training win rate 0.70   strength 0.661   next: Unbeatable at 0.70
    16,319,688 steps   training win rate 0.70   strength 0.661   next: Unbeatable at 0.70
    16,344,696 steps   training win rate 0.69   strength 0.559   next: Unbeatable at 0.70
    16,369,704 steps   training win rate 0.70   strength 0.559   next: Unbeatable at 0.70
    16,394,712 steps   training win rate 0.71   strength 0.649   next: Unbeatable at 0.70
    16,419,720 steps   training win rate 0.70   strength 0.601   next: Unbeatable at 0.70
    16,444,728 steps   training win rate 0.69   strength 0.601   next: Unbeatable at 0.70
    16,469,736 steps   training win rate 0.68   strength 0.571   next: Unbeatable at 0.70
    16,494,744 steps   training win rate 0.67   strength 0.589   next: Unbeatable at 0.70
    16,519,752 steps   training win rate 0.65   strength 0.589   next: Unbeatable at 0.70
    16,544,760 steps   training win rate 0.66   strength 0.673   next: Unbeatable at 0.70
    16,569,768 steps   training win rate 0.66   strength 0.673   next: Unbeatable at 0.70
    16,594,776 steps   training win rate 0.65   strength 0.595   next: Unbeatable at 0.70
    16,619,784 steps   training win rate 0.66   strength 0.601   next: Unbeatable at 0.70
    16,644,792 steps   training win rate 0.63   strength 0.601   next: Unbeatable at 0.70
    16,669,800 steps   training win rate 0.62   strength 0.619   next: Unbeatable at 0.70

done in 2858s
  agent_gen_0001     Rookie      win rate 0.133
  agent_gen_0002     Amateur     win rate 0.255
  agent_gen_0003     Contender   win rate 0.429
  agent_gen_0004     Pro         win rate 0.530
  agent_gen_0005     Champion    win rate 0.638
  agent_gen_0006     Champion    win rate 0.642
  agent_gen_0007     Champion    win rate 0.673
  agent_gen_0008     Champion    win rate 0.695

play it:  python play.py --model agent_gen_0008
