arm64  |  14 cores  |  torch cpu  |  mps available but unused: the net is too small to benefit
resuming from agent_gen_0006
an untrained agent wins 0.12 of points against the fixed ladder
training up to 20,000,000 steps on 12 envs
a checkpoint is saved each time it reaches a new tier (Rookie, Amateur, Contender, Pro, Champion, Unbeatable);
strength is measured every 40,000 steps

    4,490,916 steps   training win rate   - 
    4,515,924 steps   training win rate 0.50   strength 0.661   next: Unbeatable at 0.70
    4,540,932 steps   training win rate 0.58   strength 0.637   next: Unbeatable at 0.70
    4,565,940 steps   training win rate 0.62   strength 0.637   next: Unbeatable at 0.70
    4,590,948 steps   training win rate 0.64   strength 0.589   next: Unbeatable at 0.70
    4,615,956 steps   training win rate 0.64   strength 0.649   next: Unbeatable at 0.70
    4,640,964 steps   training win rate 0.65   strength 0.649   next: Unbeatable at 0.70
    4,665,972 steps   training win rate 0.66   strength 0.625   next: Unbeatable at 0.70
    Champion    improved @4,690,956 steps  ->  agent_gen_0007   win rate 0.673  worst 0.104
    4,690,980 steps   training win rate 0.66   strength 0.673   next: Unbeatable at 0.70
    4,715,988 steps   training win rate 0.68   strength 0.673   next: Unbeatable at 0.70
    4,740,996 steps   training win rate 0.68   strength 0.613   next: Unbeatable at 0.70
    4,766,004 steps   training win rate 0.67   strength 0.613   next: Unbeatable at 0.70
    4,791,012 steps   training win rate 0.67   strength 0.619   next: Unbeatable at 0.70
    4,816,020 steps   training win rate 0.66   strength 0.637   next: Unbeatable at 0.70
    4,841,028 steps   training win rate 0.66   strength 0.637   next: Unbeatable at 0.70
    4,866,036 steps   training win rate 0.66   strength 0.649   next: Unbeatable at 0.70
    4,891,044 steps   training win rate 0.65   strength 0.619   next: Unbeatable at 0.70
    4,916,052 steps   training win rate 0.66   strength 0.619   next: Unbeatable at 0.70
    4,941,060 steps   training win rate 0.64   strength 0.536   next: Unbeatable at 0.70
    4,966,068 steps   training win rate 0.64   strength 0.536   next: Unbeatable at 0.70
    4,991,076 steps   training win rate 0.66   strength 0.601   next: Unbeatable at 0.70
    5,016,084 steps   training win rate 0.64   strength 0.577   next: Unbeatable at 0.70
    5,041,092 steps   training win rate 0.63   strength 0.577   next: Unbeatable at 0.70
    5,066,100 steps   training win rate 0.61   strength 0.625   next: Unbeatable at 0.70
    5,091,108 steps   training win rate 0.60   strength 0.571   next: Unbeatable at 0.70
    5,116,116 steps   training win rate 0.59   strength 0.571   next: Unbeatable at 0.70
    5,141,124 steps   training win rate 0.58   strength 0.625   next: Unbeatable at 0.70
    5,166,132 steps   training win rate 0.58   strength 0.625   next: Unbeatable at 0.70
    5,191,140 steps   training win rate 0.56   strength 0.566   next: Unbeatable at 0.70
    5,216,148 steps   training win rate 0.57   strength 0.536   next: Unbeatable at 0.70
    5,241,156 steps   training win rate 0.57   strength 0.536   next: Unbeatable at 0.70
    5,266,164 steps   training win rate 0.57   strength 0.601   next: Unbeatable at 0.70
    5,291,172 steps   training win rate 0.56   strength 0.423   next: Unbeatable at 0.70
    5,316,180 steps   training win rate 0.54   strength 0.423   next: Unbeatable at 0.70
    5,341,188 steps   training win rate 0.54   strength 0.518   next: Unbeatable at 0.70
    5,366,196 steps   training win rate 0.55   strength 0.518   next: Unbeatable at 0.70
    5,391,204 steps   training win rate 0.56   strength 0.607   next: Unbeatable at 0.70
    5,416,212 steps   training win rate 0.53   strength 0.554   next: Unbeatable at 0.70
    5,441,220 steps   training win rate 0.51   strength 0.554   next: Unbeatable at 0.70
    5,466,228 steps   training win rate 0.52   strength 0.559   next: Unbeatable at 0.70
    5,491,236 steps   training win rate 0.54   strength 0.631   next: Unbeatable at 0.70
    5,516,244 steps   training win rate 0.55   strength 0.631   next: Unbeatable at 0.70
    5,541,252 steps   training win rate 0.56   strength 0.643   next: Unbeatable at 0.70
    5,566,260 steps   training win rate 0.57   strength 0.643   next: Unbeatable at 0.70
    5,591,268 steps   training win rate 0.58   strength 0.625   next: Unbeatable at 0.70
    5,616,276 steps   training win rate 0.59   strength 0.613   next: Unbeatable at 0.70
    5,641,284 steps   training win rate 0.60   strength 0.613   next: Unbeatable at 0.70
    5,666,292 steps   training win rate 0.61   strength 0.655   next: Unbeatable at 0.70
    5,691,300 steps   training win rate 0.61   strength 0.655   next: Unbeatable at 0.70
    5,716,308 steps   training win rate 0.62   strength 0.655   next: Unbeatable at 0.70
    5,741,316 steps   training win rate 0.62   strength 0.595   next: Unbeatable at 0.70
    5,766,324 steps   training win rate 0.61   strength 0.595   next: Unbeatable at 0.70
    5,791,332 steps   training win rate 0.61   strength 0.589   next: Unbeatable at 0.70
    5,816,340 steps   training win rate 0.61   strength 0.595   next: Unbeatable at 0.70
    5,841,348 steps   training win rate 0.63   strength 0.595   next: Unbeatable at 0.70
    5,866,356 steps   training win rate 0.62   strength 0.542   next: Unbeatable at 0.70
    5,891,364 steps   training win rate 0.60   strength 0.530   next: Unbeatable at 0.70
    5,916,372 steps   training win rate 0.59   strength 0.530   next: Unbeatable at 0.70
    5,941,380 steps   training win rate 0.59   strength 0.571   next: Unbeatable at 0.70
    5,966,388 steps   training win rate 0.60   strength 0.571   next: Unbeatable at 0.70
    5,991,396 steps   training win rate 0.60   strength 0.601   next: Unbeatable at 0.70
    6,016,404 steps   training win rate 0.61   strength 0.661   next: Unbeatable at 0.70
    6,041,412 steps   training win rate 0.61   strength 0.661   next: Unbeatable at 0.70
    6,066,420 steps   training win rate 0.63   strength 0.649   next: Unbeatable at 0.70
    6,091,428 steps   training win rate 0.62   strength 0.571   next: Unbeatable at 0.70
    6,116,436 steps   training win rate 0.61   strength 0.571   next: Unbeatable at 0.70
    6,141,444 steps   training win rate 0.61   strength 0.661   next: Unbeatable at 0.70
    6,166,452 steps   training win rate 0.58   strength 0.661   next: Unbeatable at 0.70
    6,191,460 steps   training win rate 0.57   strength 0.577   next: Unbeatable at 0.70
    6,216,468 steps   training win rate 0.56   strength 0.619   next: Unbeatable at 0.70
    6,241,476 steps   training win rate 0.55   strength 0.619   next: Unbeatable at 0.70
    6,266,484 steps   training win rate 0.55   strength 0.577   next: Unbeatable at 0.70
    6,291,492 steps   training win rate 0.55   strength 0.488   next: Unbeatable at 0.70
    6,316,500 steps   training win rate 0.52   strength 0.488   next: Unbeatable at 0.70
    6,341,508 steps   training win rate 0.53   strength 0.512   next: Unbeatable at 0.70
    6,366,516 steps   training win rate 0.52   strength 0.512   next: Unbeatable at 0.70
    6,391,524 steps   training win rate 0.49   strength 0.512   next: Unbeatable at 0.70
    6,416,532 steps   training win rate 0.49   strength 0.613   next: Unbeatable at 0.70
    6,441,540 steps   training win rate 0.49   strength 0.613   next: Unbeatable at 0.70
    6,466,548 steps   training win rate 0.49   strength 0.625   next: Unbeatable at 0.70
    6,491,556 steps   training win rate 0.51   strength 0.583   next: Unbeatable at 0.70
    6,516,564 steps   training win rate 0.50   strength 0.583   next: Unbeatable at 0.70
    6,541,572 steps   training win rate 0.51   strength 0.631   next: Unbeatable at 0.70
    6,566,580 steps   training win rate 0.53   strength 0.631   next: Unbeatable at 0.70
    6,591,588 steps   training win rate 0.55   strength 0.589   next: Unbeatable at 0.70
    6,616,596 steps   training win rate 0.56   strength 0.613   next: Unbeatable at 0.70
    6,641,604 steps   training win rate 0.56   strength 0.613   next: Unbeatable at 0.70
    6,666,612 steps   training win rate 0.58   strength 0.566   next: Unbeatable at 0.70
    6,691,620 steps   training win rate 0.60   strength 0.619   next: Unbeatable at 0.70
    6,716,628 steps   training win rate 0.63   strength 0.619   next: Unbeatable at 0.70
    6,741,636 steps   training win rate 0.63   strength 0.631   next: Unbeatable at 0.70
    6,766,644 steps   training win rate 0.63   strength 0.631   next: Unbeatable at 0.70
    6,791,652 steps   training win rate 0.62   strength 0.631   next: Unbeatable at 0.70
    6,816,660 steps   training win rate 0.60   strength 0.589   next: Unbeatable at 0.70
    6,841,668 steps   training win rate 0.60   strength 0.589   next: Unbeatable at 0.70
    6,866,676 steps   training win rate 0.58   strength 0.571   next: Unbeatable at 0.70
    6,891,684 steps   training win rate 0.54   strength 0.548   next: Unbeatable at 0.70
    6,916,692 steps   training win rate 0.54   strength 0.548   next: Unbeatable at 0.70
    6,941,700 steps   training win rate 0.52   strength 0.530   next: Unbeatable at 0.70
    6,966,708 steps   training win rate 0.49   strength 0.530   next: Unbeatable at 0.70
    6,991,716 steps   training win rate 0.50   strength 0.589   next: Unbeatable at 0.70
    7,016,724 steps   training win rate 0.50   strength 0.566   next: Unbeatable at 0.70
    7,041,732 steps   training win rate 0.51   strength 0.566   next: Unbeatable at 0.70
    7,066,740 steps   training win rate 0.51   strength 0.542   next: Unbeatable at 0.70
    7,091,748 steps   training win rate 0.53   strength 0.607   next: Unbeatable at 0.70
    7,116,756 steps   training win rate 0.54   strength 0.607   next: Unbeatable at 0.70
    7,141,764 steps   training win rate 0.55   strength 0.625   next: Unbeatable at 0.70
    7,166,772 steps   training win rate 0.55   strength 0.625   next: Unbeatable at 0.70
    7,191,780 steps   training win rate 0.56   strength 0.542   next: Unbeatable at 0.70
    7,216,788 steps   training win rate 0.54   strength 0.476   next: Unbeatable at 0.70
    7,241,796 steps   training win rate 0.53   strength 0.476   next: Unbeatable at 0.70
    7,266,804 steps   training win rate 0.52   strength 0.649   next: Unbeatable at 0.70
    7,291,812 steps   training win rate 0.51   strength 0.583   next: Unbeatable at 0.70
    7,316,820 steps   training win rate 0.52   strength 0.583   next: Unbeatable at 0.70
    7,341,828 steps   training win rate 0.53   strength 0.583   next: Unbeatable at 0.70
    7,366,836 steps   training win rate 0.54   strength 0.583   next: Unbeatable at 0.70
    7,391,844 steps   training win rate 0.57   strength 0.625   next: Unbeatable at 0.70
    7,416,852 steps   training win rate 0.58   strength 0.601   next: Unbeatable at 0.70
    7,441,860 steps   training win rate 0.57   strength 0.601   next: Unbeatable at 0.70
    7,466,868 steps   training win rate 0.59   strength 0.559   next: Unbeatable at 0.70
    7,491,876 steps   training win rate 0.61   strength 0.512   next: Unbeatable at 0.70
    7,516,884 steps   training win rate 0.60   strength 0.512   next: Unbeatable at 0.70
    7,541,892 steps   training win rate 0.60   strength 0.643   next: Unbeatable at 0.70
    7,566,900 steps   training win rate 0.59   strength 0.643   next: Unbeatable at 0.70
    7,591,908 steps   training win rate 0.58   strength 0.601   next: Unbeatable at 0.70
    7,616,916 steps   training win rate 0.62   strength 0.566   next: Unbeatable at 0.70
    7,641,924 steps   training win rate 0.60   strength 0.566   next: Unbeatable at 0.70
    7,666,932 steps   training win rate 0.60   strength 0.607   next: Unbeatable at 0.70
    7,691,940 steps   training win rate 0.59   strength 0.619   next: Unbeatable at 0.70
    7,716,948 steps   training win rate 0.58   strength 0.619   next: Unbeatable at 0.70
    7,741,956 steps   training win rate 0.60   strength 0.667   next: Unbeatable at 0.70
    7,766,964 steps   training win rate 0.61   strength 0.667   next: Unbeatable at 0.70
    7,791,972 steps   training win rate 0.60   strength 0.619   next: Unbeatable at 0.70
    7,816,980 steps   training win rate 0.59   strength 0.518   next: Unbeatable at 0.70
    7,841,988 steps   training win rate 0.63   strength 0.518   next: Unbeatable at 0.70
    7,866,996 steps   training win rate 0.63   strength 0.566   next: Unbeatable at 0.70
    7,892,004 steps   training win rate 0.61   strength 0.595   next: Unbeatable at 0.70
    7,917,012 steps   training win rate 0.60   strength 0.595   next: Unbeatable at 0.70
    7,942,020 steps   training win rate 0.60   strength 0.589   next: Unbeatable at 0.70
    7,967,028 steps   training win rate 0.60   strength 0.589   next: Unbeatable at 0.70
    7,992,036 steps   training win rate 0.61   strength 0.625   next: Unbeatable at 0.70
    8,017,044 steps   training win rate 0.59   strength 0.643   next: Unbeatable at 0.70
    8,042,052 steps   training win rate 0.58   strength 0.643   next: Unbeatable at 0.70
    8,067,060 steps   training win rate 0.60   strength 0.607   next: Unbeatable at 0.70
    8,092,068 steps   training win rate 0.62   strength 0.559   next: Unbeatable at 0.70
    8,117,076 steps   training win rate 0.63   strength 0.559   next: Unbeatable at 0.70
    8,142,084 steps   training win rate 0.62   strength 0.566   next: Unbeatable at 0.70
    8,167,092 steps   training win rate 0.60   strength 0.566   next: Unbeatable at 0.70
    8,192,100 steps   training win rate 0.60   strength 0.619   next: Unbeatable at 0.70
    8,217,108 steps   training win rate 0.60   strength 0.643   next: Unbeatable at 0.70
    8,242,116 steps   training win rate 0.60   strength 0.643   next: Unbeatable at 0.70
    8,267,124 steps   training win rate 0.59   strength 0.643   next: Unbeatable at 0.70
    8,292,132 steps   training win rate 0.56   strength 0.625   next: Unbeatable at 0.70
    8,317,140 steps   training win rate 0.58   strength 0.625   next: Unbeatable at 0.70
    8,342,148 steps   training win rate 0.60   strength 0.554   next: Unbeatable at 0.70
    8,367,156 steps   training win rate 0.60   strength 0.554   next: Unbeatable at 0.70
    8,392,164 steps   training win rate 0.62   strength 0.607   next: Unbeatable at 0.70
    8,417,172 steps   training win rate 0.62   strength 0.607   next: Unbeatable at 0.70
    8,442,180 steps   training win rate 0.63   strength 0.607   next: Unbeatable at 0.70
    8,467,188 steps   training win rate 0.64   strength 0.583   next: Unbeatable at 0.70
    8,492,196 steps   training win rate 0.64   strength 0.595   next: Unbeatable at 0.70
    8,517,204 steps   training win rate 0.64   strength 0.595   next: Unbeatable at 0.70
    8,542,212 steps   training win rate 0.65   strength 0.542   next: Unbeatable at 0.70
    8,567,220 steps   training win rate 0.66   strength 0.542   next: Unbeatable at 0.70
    8,592,228 steps   training win rate 0.66   strength 0.637   next: Unbeatable at 0.70
    8,617,236 steps   training win rate 0.62   strength 0.613   next: Unbeatable at 0.70
    8,642,244 steps   training win rate 0.61   strength 0.613   next: Unbeatable at 0.70
    8,667,252 steps   training win rate 0.62   strength 0.542   next: Unbeatable at 0.70
    8,692,260 steps   training win rate 0.61   strength 0.631   next: Unbeatable at 0.70
    8,717,268 steps   training win rate 0.61   strength 0.631   next: Unbeatable at 0.70
    8,742,276 steps   training win rate 0.59   strength 0.631   next: Unbeatable at 0.70
    8,767,284 steps   training win rate 0.63   strength 0.631   next: Unbeatable at 0.70
    8,792,292 steps   training win rate 0.64   strength 0.625   next: Unbeatable at 0.70
    8,817,300 steps   training win rate 0.67   strength 0.583   next: Unbeatable at 0.70
    8,842,308 steps   training win rate 0.67   strength 0.583   next: Unbeatable at 0.70
    8,867,316 steps   training win rate 0.65   strength 0.655   next: Unbeatable at 0.70
    8,892,324 steps   training win rate 0.65   strength 0.625   next: Unbeatable at 0.70
    8,917,332 steps   training win rate 0.66   strength 0.625   next: Unbeatable at 0.70
    8,942,340 steps   training win rate 0.63   strength 0.643   next: Unbeatable at 0.70
    8,967,348 steps   training win rate 0.65   strength 0.643   next: Unbeatable at 0.70
    8,992,356 steps   training win rate 0.65   strength 0.643   next: Unbeatable at 0.70
    9,017,364 steps   training win rate 0.63   strength 0.691   next: Unbeatable at 0.70
    9,042,372 steps   training win rate 0.65   strength 0.691   next: Unbeatable at 0.70
    9,067,380 steps   training win rate 0.64   strength 0.643   next: Unbeatable at 0.70
    9,092,388 steps   training win rate 0.64   strength 0.571   next: Unbeatable at 0.70
    9,117,396 steps   training win rate 0.64   strength 0.571   next: Unbeatable at 0.70
    9,142,404 steps   training win rate 0.63   strength 0.679   next: Unbeatable at 0.70
    9,167,412 steps   training win rate 0.61   strength 0.679   next: Unbeatable at 0.70
    9,192,420 steps   training win rate 0.63   strength 0.613   next: Unbeatable at 0.70
    9,217,428 steps   training win rate 0.62   strength 0.577   next: Unbeatable at 0.70
    9,242,436 steps   training win rate 0.62   strength 0.577   next: Unbeatable at 0.70
    9,267,444 steps   training win rate 0.62   strength 0.601   next: Unbeatable at 0.70
    9,292,452 steps   training win rate 0.62   strength 0.631   next: Unbeatable at 0.70
    9,317,460 steps   training win rate 0.62   strength 0.631   next: Unbeatable at 0.70
    9,342,468 steps   training win rate 0.62   strength 0.607   next: Unbeatable at 0.70
    9,367,476 steps   training win rate 0.61   strength 0.607   next: Unbeatable at 0.70
    9,392,484 steps   training win rate 0.60   strength 0.613   next: Unbeatable at 0.70
    9,417,492 steps   training win rate 0.60   strength 0.684   next: Unbeatable at 0.70
    9,442,500 steps   training win rate 0.60   strength 0.684   next: Unbeatable at 0.70
    9,467,508 steps   training win rate 0.61   strength 0.637   next: Unbeatable at 0.70
    9,492,516 steps   training win rate 0.65   strength 0.577   next: Unbeatable at 0.70
    9,517,524 steps   training win rate 0.64   strength 0.577   next: Unbeatable at 0.70
    9,542,532 steps   training win rate 0.61   strength 0.589   next: Unbeatable at 0.70
    9,567,540 steps   training win rate 0.59   strength 0.589   next: Unbeatable at 0.70
    9,592,548 steps   training win rate 0.59   strength 0.536   next: Unbeatable at 0.70
    9,617,556 steps   training win rate 0.56   strength 0.559   next: Unbeatable at 0.70
    9,642,564 steps   training win rate 0.53   strength 0.559   next: Unbeatable at 0.70
    9,667,572 steps   training win rate 0.54   strength 0.571   next: Unbeatable at 0.70
    9,692,580 steps   training win rate 0.55   strength 0.625   next: Unbeatable at 0.70
    9,717,588 steps   training win rate 0.58   strength 0.625   next: Unbeatable at 0.70
    9,742,596 steps   training win rate 0.60   strength 0.607   next: Unbeatable at 0.70
    9,767,604 steps   training win rate 0.64   strength 0.607   next: Unbeatable at 0.70
    9,792,612 steps   training win rate 0.65   strength 0.643   next: Unbeatable at 0.70
    9,817,620 steps   training win rate 0.66   strength 0.637   next: Unbeatable at 0.70
    9,842,628 steps   training win rate 0.66   strength 0.637   next: Unbeatable at 0.70
    9,867,636 steps   training win rate 0.66   strength 0.601   next: Unbeatable at 0.70
    9,892,644 steps   training win rate 0.66   strength 0.601   next: Unbeatable at 0.70
    9,917,652 steps   training win rate 0.67   strength 0.601   next: Unbeatable at 0.70
    9,942,660 steps   training win rate 0.66   strength 0.625   next: Unbeatable at 0.70
    9,967,668 steps   training win rate 0.66   strength 0.625   next: Unbeatable at 0.70
    9,992,676 steps   training win rate 0.67   strength 0.559   next: Unbeatable at 0.70
    10,017,684 steps   training win rate 0.67   strength 0.637   next: Unbeatable at 0.70
    10,042,692 steps   training win rate 0.66   strength 0.637   next: Unbeatable at 0.70
    10,067,700 steps   training win rate 0.65   strength 0.631   next: Unbeatable at 0.70
    10,092,708 steps   training win rate 0.65   strength 0.607   next: Unbeatable at 0.70
    10,117,716 steps   training win rate 0.64   strength 0.607   next: Unbeatable at 0.70
    10,142,724 steps   training win rate 0.64   strength 0.559   next: Unbeatable at 0.70
    10,167,732 steps   training win rate 0.65   strength 0.559   next: Unbeatable at 0.70
    10,192,740 steps   training win rate 0.66   strength 0.559   next: Unbeatable at 0.70
    10,217,748 steps   training win rate 0.64   strength 0.583   next: Unbeatable at 0.70
    10,242,756 steps   training win rate 0.65   strength 0.583   next: Unbeatable at 0.70
    10,267,764 steps   training win rate 0.62   strength 0.619   next: Unbeatable at 0.70
    10,292,772 steps   training win rate 0.62   strength 0.649   next: Unbeatable at 0.70
    10,317,780 steps   training win rate 0.61   strength 0.649   next: Unbeatable at 0.70
    10,342,788 steps   training win rate 0.60   strength 0.655   next: Unbeatable at 0.70
    10,367,796 steps   training win rate 0.58   strength 0.655   next: Unbeatable at 0.70
    10,392,804 steps   training win rate 0.58   strength 0.625   next: Unbeatable at 0.70
    10,417,812 steps   training win rate 0.58   strength 0.601   next: Unbeatable at 0.70
    10,442,820 steps   training win rate 0.60   strength 0.601   next: Unbeatable at 0.70
    10,467,828 steps   training win rate 0.62   strength 0.613   next: Unbeatable at 0.70
    10,492,836 steps   training win rate 0.61   strength 0.673   next: Unbeatable at 0.70
    10,517,844 steps   training win rate 0.61   strength 0.673   next: Unbeatable at 0.70
    10,542,852 steps   training win rate 0.63   strength 0.589   next: Unbeatable at 0.70
    10,567,860 steps   training win rate 0.63   strength 0.589   next: Unbeatable at 0.70
    10,592,868 steps   training win rate 0.62   strength 0.649   next: Unbeatable at 0.70
    10,617,876 steps   training win rate 0.63   strength 0.607   next: Unbeatable at 0.70
    10,642,884 steps   training win rate 0.64   strength 0.607   next: Unbeatable at 0.70
    10,667,892 steps   training win rate 0.62   strength 0.583   next: Unbeatable at 0.70
    10,692,900 steps   training win rate 0.62   strength 0.649   next: Unbeatable at 0.70
    10,717,908 steps   training win rate 0.61   strength 0.649   next: Unbeatable at 0.70
    10,742,916 steps   training win rate 0.61   strength 0.637   next: Unbeatable at 0.70
    10,767,924 steps   training win rate 0.64   strength 0.637   next: Unbeatable at 0.70
    10,792,932 steps   training win rate 0.64   strength 0.637   next: Unbeatable at 0.70
    10,817,940 steps   training win rate 0.64   strength 0.631   next: Unbeatable at 0.70
    10,842,948 steps   training win rate 0.65   strength 0.631   next: Unbeatable at 0.70
    10,867,956 steps   training win rate 0.65   strength 0.625   next: Unbeatable at 0.70
    10,892,964 steps   training win rate 0.67   strength 0.601   next: Unbeatable at 0.70
    10,917,972 steps   training win rate 0.68   strength 0.601   next: Unbeatable at 0.70
    10,942,980 steps   training win rate 0.68   strength 0.625   next: Unbeatable at 0.70
    10,967,988 steps   training win rate 0.66   strength 0.625   next: Unbeatable at 0.70
    10,992,996 steps   training win rate 0.62   strength 0.619   next: Unbeatable at 0.70
    11,018,004 steps   training win rate 0.63   strength 0.595   next: Unbeatable at 0.70
    11,043,012 steps   training win rate 0.63   strength 0.595   next: Unbeatable at 0.70
    11,068,020 steps   training win rate 0.62   strength 0.583   next: Unbeatable at 0.70
