cleared existing checkpoints

arm64  |  14 cores  |  torch cpu  |  mps available but unused: the net is too small to benefit
an untrained agent wins 0.12 of points against the fixed ladder
training up to 12,000,000 steps on 12 envs
a checkpoint is saved each time it reaches a new tier (Rookie, Amateur, Contender, Pro, Champion, Unbeatable);
strength is measured every 40,000 steps

    Rookie      reached @   10,008 steps  ->  agent_gen_0001   win rate 0.125  worst 0.000
       25,008 steps   training win rate 0.21   strength 0.125   next: Amateur at 0.25
       50,016 steps   training win rate 0.29   strength 0.125   next: Amateur at 0.25
       75,024 steps   training win rate 0.40   strength 0.137   next: Amateur at 0.25
      100,032 steps   training win rate 0.35   strength 0.184   next: Amateur at 0.25
      125,040 steps   training win rate 0.33   strength 0.184   next: Amateur at 0.25
      150,048 steps   training win rate 0.34   strength 0.167   next: Amateur at 0.25
      175,056 steps   training win rate 0.37   strength 0.179   next: Amateur at 0.25
      200,064 steps   training win rate 0.41   strength 0.179   next: Amateur at 0.25
      225,072 steps   training win rate 0.43   strength 0.184   next: Amateur at 0.25
    Amateur     reached @  250,056 steps  ->  agent_gen_0002   win rate 0.256  worst 0.000
      250,080 steps   training win rate 0.43   strength 0.256   next: Contender at 0.40
      275,088 steps   training win rate 0.43   strength 0.256   next: Contender at 0.40
      300,096 steps   training win rate 0.44   strength 0.333   next: Contender at 0.40
      325,104 steps   training win rate 0.45   strength 0.333   next: Contender at 0.40
    Contender   reached @  330,072 steps  ->  agent_gen_0003   win rate 0.434  worst 0.000
      350,112 steps   training win rate 0.50   strength 0.434   next: Pro at 0.52
      375,120 steps   training win rate 0.49   strength 0.405   next: Pro at 0.52
      400,128 steps   training win rate 0.51   strength 0.405   next: Pro at 0.52
      425,136 steps   training win rate 0.53   strength 0.417   next: Pro at 0.52
      450,144 steps   training win rate 0.54   strength 0.458   next: Pro at 0.52
      475,152 steps   training win rate 0.54   strength 0.458   next: Pro at 0.52
      500,160 steps   training win rate 0.59   strength 0.476   next: Pro at 0.52
      525,168 steps   training win rate 0.59   strength 0.476   next: Pro at 0.52
      550,176 steps   training win rate 0.59   strength 0.518   next: Pro at 0.52
      575,184 steps   training win rate 0.60   strength 0.470   next: Pro at 0.52
      600,192 steps   training win rate 0.61   strength 0.470   next: Pro at 0.52
    Pro         reached @  610,128 steps  ->  agent_gen_0004   win rate 0.559  worst 0.167
      625,200 steps   training win rate 0.62   strength 0.559   next: Champion at 0.63
      650,208 steps   training win rate 0.61   strength 0.625   next: Champion at 0.63
      675,216 steps   training win rate 0.61   strength 0.625   next: Champion at 0.63
      700,224 steps   training win rate 0.62   strength 0.548   next: Champion at 0.63
      725,232 steps   training win rate 0.61   strength 0.548   next: Champion at 0.63
      750,240 steps   training win rate 0.61   strength 0.542   next: Champion at 0.63
      775,248 steps   training win rate 0.59   strength 0.536   next: Champion at 0.63
      800,256 steps   training win rate 0.61   strength 0.536   next: Champion at 0.63
      825,264 steps   training win rate 0.60   strength 0.548   next: Champion at 0.63
      850,272 steps   training win rate 0.63   strength 0.613   next: Champion at 0.63
      875,280 steps   training win rate 0.61   strength 0.613   next: Champion at 0.63
      900,288 steps   training win rate 0.62   strength 0.530   next: Champion at 0.63
      925,296 steps   training win rate 0.63   strength 0.530   next: Champion at 0.63
      950,304 steps   training win rate 0.64   strength 0.566   next: Champion at 0.63
      975,312 steps   training win rate 0.64   strength 0.536   next: Champion at 0.63
    1,000,320 steps   training win rate 0.63   strength 0.536   next: Champion at 0.63
    1,025,328 steps   training win rate 0.64   strength 0.530   next: Champion at 0.63
    1,050,336 steps   training win rate 0.66   strength 0.619   next: Champion at 0.63
    1,075,344 steps   training win rate 0.65   strength 0.619   next: Champion at 0.63
    Champion    reached @1,090,224 steps  ->  agent_gen_0005   win rate 0.643  worst 0.292
    1,100,352 steps   training win rate 0.63   strength 0.643   next: Unbeatable at 0.70
    1,125,360 steps   training win rate 0.62   strength 0.643   next: Unbeatable at 0.70
    1,150,368 steps   training win rate 0.60   strength 0.625   next: Unbeatable at 0.70
    1,175,376 steps   training win rate 0.60   strength 0.601   next: Unbeatable at 0.70
    1,200,384 steps   training win rate 0.57   strength 0.601   next: Unbeatable at 0.70
    1,225,392 steps   training win rate 0.57   strength 0.637   next: Unbeatable at 0.70
    1,250,400 steps   training win rate 0.58   strength 0.625   next: Unbeatable at 0.70
    1,275,408 steps   training win rate 0.58   strength 0.625   next: Unbeatable at 0.70
    1,300,416 steps   training win rate 0.58   strength 0.625   next: Unbeatable at 0.70
    1,325,424 steps   training win rate 0.60   strength 0.625   next: Unbeatable at 0.70
    1,350,432 steps   training win rate 0.61   strength 0.684   next: Unbeatable at 0.70
    1,375,440 steps   training win rate 0.59   strength 0.631   next: Unbeatable at 0.70
    1,400,448 steps   training win rate 0.60   strength 0.631   next: Unbeatable at 0.70
    1,425,456 steps   training win rate 0.59   strength 0.613   next: Unbeatable at 0.70
    1,450,464 steps   training win rate 0.59   strength 0.559   next: Unbeatable at 0.70
    1,475,472 steps   training win rate 0.60   strength 0.559   next: Unbeatable at 0.70
    1,500,480 steps   training win rate 0.59   strength 0.607   next: Unbeatable at 0.70
    1,525,488 steps   training win rate 0.58   strength 0.607   next: Unbeatable at 0.70
    1,550,496 steps   training win rate 0.59   strength 0.595   next: Unbeatable at 0.70
    1,575,504 steps   training win rate 0.60   strength 0.637   next: Unbeatable at 0.70
    1,600,512 steps   training win rate 0.60   strength 0.637   next: Unbeatable at 0.70
    1,625,520 steps   training win rate 0.60   strength 0.625   next: Unbeatable at 0.70
    1,650,528 steps   training win rate 0.56   strength 0.452   next: Unbeatable at 0.70
    1,675,536 steps   training win rate 0.57   strength 0.452   next: Unbeatable at 0.70
    1,700,544 steps   training win rate 0.58   strength 0.696   next: Unbeatable at 0.70
    1,725,552 steps   training win rate 0.59   strength 0.696   next: Unbeatable at 0.70
    1,750,560 steps   training win rate 0.58   strength 0.494   next: Unbeatable at 0.70
    1,775,568 steps   training win rate 0.58   strength 0.613   next: Unbeatable at 0.70
    1,800,576 steps   training win rate 0.56   strength 0.613   next: Unbeatable at 0.70
    1,825,584 steps   training win rate 0.57   strength 0.589   next: Unbeatable at 0.70
    1,850,592 steps   training win rate 0.58   strength 0.583   next: Unbeatable at 0.70
    1,875,600 steps   training win rate 0.60   strength 0.583   next: Unbeatable at 0.70
    1,900,608 steps   training win rate 0.61   strength 0.625   next: Unbeatable at 0.70
    1,925,616 steps   training win rate 0.62   strength 0.625   next: Unbeatable at 0.70
    1,950,624 steps   training win rate 0.62   strength 0.595   next: Unbeatable at 0.70
    1,975,632 steps   training win rate 0.64   strength 0.649   next: Unbeatable at 0.70
    2,000,640 steps   training win rate 0.64   strength 0.649   next: Unbeatable at 0.70
    2,025,648 steps   training win rate 0.65   strength 0.566   next: Unbeatable at 0.70
    2,050,656 steps   training win rate 0.62   strength 0.679   next: Unbeatable at 0.70
    2,075,664 steps   training win rate 0.62   strength 0.679   next: Unbeatable at 0.70
    2,100,672 steps   training win rate 0.61   strength 0.643   next: Unbeatable at 0.70
    2,125,680 steps   training win rate 0.62   strength 0.643   next: Unbeatable at 0.70
    2,150,688 steps   training win rate 0.63   strength 0.696   next: Unbeatable at 0.70
    2,175,696 steps   training win rate 0.64   strength 0.595   next: Unbeatable at 0.70
    2,200,704 steps   training win rate 0.62   strength 0.595   next: Unbeatable at 0.70
    2,225,712 steps   training win rate 0.64   strength 0.559   next: Unbeatable at 0.70
    2,250,720 steps   training win rate 0.64   strength 0.506   next: Unbeatable at 0.70
    2,275,728 steps   training win rate 0.64   strength 0.506   next: Unbeatable at 0.70
    2,300,736 steps   training win rate 0.62   strength 0.589   next: Unbeatable at 0.70
    2,325,744 steps   training win rate 0.61   strength 0.589   next: Unbeatable at 0.70
    2,350,752 steps   training win rate 0.62   strength 0.548   next: Unbeatable at 0.70
    2,375,760 steps   training win rate 0.64   strength 0.589   next: Unbeatable at 0.70
    2,400,768 steps   training win rate 0.62   strength 0.589   next: Unbeatable at 0.70
    2,425,776 steps   training win rate 0.62   strength 0.643   next: Unbeatable at 0.70
    2,450,784 steps   training win rate 0.62   strength 0.637   next: Unbeatable at 0.70
    2,475,792 steps   training win rate 0.62   strength 0.637   next: Unbeatable at 0.70
    2,500,800 steps   training win rate 0.62   strength 0.637   next: Unbeatable at 0.70
    2,525,808 steps   training win rate 0.62   strength 0.637   next: Unbeatable at 0.70
    2,550,816 steps   training win rate 0.61   strength 0.673   next: Unbeatable at 0.70
    2,575,824 steps   training win rate 0.60   strength 0.601   next: Unbeatable at 0.70
    2,600,832 steps   training win rate 0.62   strength 0.601   next: Unbeatable at 0.70
    2,625,840 steps   training win rate 0.62   strength 0.673   next: Unbeatable at 0.70
    2,650,848 steps   training win rate 0.61   strength 0.619   next: Unbeatable at 0.70
    2,675,856 steps   training win rate 0.63   strength 0.619   next: Unbeatable at 0.70
    2,700,864 steps   training win rate 0.63   strength 0.595   next: Unbeatable at 0.70
    2,725,872 steps   training win rate 0.63   strength 0.595   next: Unbeatable at 0.70
    2,750,880 steps   training win rate 0.65   strength 0.649   next: Unbeatable at 0.70
    2,775,888 steps   training win rate 0.65   strength 0.649   next: Unbeatable at 0.70
    2,800,896 steps   training win rate 0.64   strength 0.649   next: Unbeatable at 0.70
    2,825,904 steps   training win rate 0.65   strength 0.613   next: Unbeatable at 0.70
    2,850,912 steps   training win rate 0.66   strength 0.613   next: Unbeatable at 0.70
    2,875,920 steps   training win rate 0.66   strength 0.613   next: Unbeatable at 0.70
    2,900,928 steps   training win rate 0.64   strength 0.518   next: Unbeatable at 0.70
    2,925,936 steps   training win rate 0.62   strength 0.518   next: Unbeatable at 0.70
    2,950,944 steps   training win rate 0.62   strength 0.613   next: Unbeatable at 0.70
    2,975,952 steps   training win rate 0.62   strength 0.631   next: Unbeatable at 0.70
    3,000,960 steps   training win rate 0.62   strength 0.631   next: Unbeatable at 0.70
    3,025,968 steps   training win rate 0.63   strength 0.589   next: Unbeatable at 0.70
    3,050,976 steps   training win rate 0.65   strength 0.595   next: Unbeatable at 0.70
    3,075,984 steps   training win rate 0.65   strength 0.595   next: Unbeatable at 0.70
    3,100,992 steps   training win rate 0.67   strength 0.637   next: Unbeatable at 0.70
    3,126,000 steps   training win rate 0.69   strength 0.637   next: Unbeatable at 0.70
    3,151,008 steps   training win rate 0.69   strength 0.625   next: Unbeatable at 0.70
    3,176,016 steps   training win rate 0.70   strength 0.589   next: Unbeatable at 0.70
    3,201,024 steps   training win rate 0.69   strength 0.589   next: Unbeatable at 0.70
    3,226,032 steps   training win rate 0.69   strength 0.595   next: Unbeatable at 0.70
    3,251,040 steps   training win rate 0.69   strength 0.679   next: Unbeatable at 0.70
    3,276,048 steps   training win rate 0.68   strength 0.679   next: Unbeatable at 0.70
    3,301,056 steps   training win rate 0.65   strength 0.637   next: Unbeatable at 0.70
    3,326,064 steps   training win rate 0.62   strength 0.637   next: Unbeatable at 0.70
    3,351,072 steps   training win rate 0.62   strength 0.607   next: Unbeatable at 0.70
    3,376,080 steps   training win rate 0.61   strength 0.595   next: Unbeatable at 0.70
    3,401,088 steps   training win rate 0.61   strength 0.595   next: Unbeatable at 0.70
    3,426,096 steps   training win rate 0.61   strength 0.607   next: Unbeatable at 0.70
    3,451,104 steps   training win rate 0.62   strength 0.524   next: Unbeatable at 0.70
    3,476,112 steps   training win rate 0.63   strength 0.524   next: Unbeatable at 0.70
    3,501,120 steps   training win rate 0.65   strength 0.577   next: Unbeatable at 0.70
    3,526,128 steps   training win rate 0.65   strength 0.577   next: Unbeatable at 0.70
    3,551,136 steps   training win rate 0.65   strength 0.571   next: Unbeatable at 0.70
    3,576,144 steps   training win rate 0.65   strength 0.577   next: Unbeatable at 0.70
    3,601,152 steps   training win rate 0.66   strength 0.577   next: Unbeatable at 0.70
    3,626,160 steps   training win rate 0.65   strength 0.655   next: Unbeatable at 0.70
    3,651,168 steps   training win rate 0.66   strength 0.566   next: Unbeatable at 0.70
    3,676,176 steps   training win rate 0.65   strength 0.566   next: Unbeatable at 0.70
    3,701,184 steps   training win rate 0.66   strength 0.601   next: Unbeatable at 0.70
    3,726,192 steps   training win rate 0.69   strength 0.601   next: Unbeatable at 0.70
    3,751,200 steps   training win rate 0.69   strength 0.607   next: Unbeatable at 0.70
    3,776,208 steps   training win rate 0.68   strength 0.566   next: Unbeatable at 0.70
    3,801,216 steps   training win rate 0.66   strength 0.566   next: Unbeatable at 0.70
    3,826,224 steps   training win rate 0.65   strength 0.595   next: Unbeatable at 0.70
    3,851,232 steps   training win rate 0.65   strength 0.637   next: Unbeatable at 0.70
    3,876,240 steps   training win rate 0.63   strength 0.637   next: Unbeatable at 0.70
    3,901,248 steps   training win rate 0.60   strength 0.559   next: Unbeatable at 0.70
    3,926,256 steps   training win rate 0.61   strength 0.559   next: Unbeatable at 0.70
    3,951,264 steps   training win rate 0.61   strength 0.655   next: Unbeatable at 0.70
    3,976,272 steps   training win rate 0.62   strength 0.524   next: Unbeatable at 0.70
    4,001,280 steps   training win rate 0.61   strength 0.524   next: Unbeatable at 0.70
    4,026,288 steps   training win rate 0.62   strength 0.625   next: Unbeatable at 0.70
    4,051,296 steps   training win rate 0.64   strength 0.613   next: Unbeatable at 0.70
    4,076,304 steps   training win rate 0.65   strength 0.613   next: Unbeatable at 0.70
    4,101,312 steps   training win rate 0.67   strength 0.601   next: Unbeatable at 0.70
    4,126,320 steps   training win rate 0.67   strength 0.601   next: Unbeatable at 0.70
    4,151,328 steps   training win rate 0.68   strength 0.607   next: Unbeatable at 0.70
    4,176,336 steps   training win rate 0.70   strength 0.559   next: Unbeatable at 0.70
    4,201,344 steps   training win rate 0.70   strength 0.559   next: Unbeatable at 0.70
    4,226,352 steps   training win rate 0.69   strength 0.566   next: Unbeatable at 0.70
    4,251,360 steps   training win rate 0.68   strength 0.631   next: Unbeatable at 0.70
    4,276,368 steps   training win rate 0.69   strength 0.631   next: Unbeatable at 0.70
    4,301,376 steps   training win rate 0.69   strength 0.566   next: Unbeatable at 0.70
    4,326,384 steps   training win rate 0.69   strength 0.566   next: Unbeatable at 0.70
    4,351,392 steps   training win rate 0.67   strength 0.595   next: Unbeatable at 0.70
    4,376,400 steps   training win rate 0.66   strength 0.619   next: Unbeatable at 0.70
    4,401,408 steps   training win rate 0.67   strength 0.619   next: Unbeatable at 0.70
    4,426,416 steps   training win rate 0.70   strength 0.696   next: Unbeatable at 0.70
    4,451,424 steps   training win rate 0.70   strength 0.643   next: Unbeatable at 0.70
    4,476,432 steps   training win rate 0.69   strength 0.643   next: Unbeatable at 0.70
    Unbeatable  reached @4,490,904 steps  ->  agent_gen_0006   win rate 0.708  worst 0.250

done in 972s
  agent_gen_0001     Rookie      win rate 0.125
  agent_gen_0002     Amateur     win rate 0.256
  agent_gen_0003     Contender   win rate 0.434
  agent_gen_0004     Pro         win rate 0.559
  agent_gen_0005     Champion    win rate 0.643
  agent_gen_0006     Unbeatable  win rate 0.708

play it:  python play.py --model agent_gen_0006
